Traceback (most recent call last):
  File "/mnt/data_sdd/hhy/index-tts/trainers/train_gpt_v2_grpo_multigpu.py", line 64, in <module>
    from indextts.gpt.model_v2 import UnifiedVoice
  File "/mnt/data_sdd/hhy/index-tts/indextts/gpt/model_v2.py", line 9, in <module>
    from indextts.gpt.transformers_gpt2 import GPT2PreTrainedModel, GPT2Model
  File "/mnt/data_sdd/hhy/index-tts/indextts/gpt/transformers_gpt2.py", line 33, in <module>
    from indextts.gpt.transformers_generation_utils import GenerationMixin
  File "/mnt/data_sdd/hhy/index-tts/indextts/gpt/transformers_generation_utils.py", line 28, in <module>
    from transformers.cache_utils import (
    ...<6 lines>...
    )
ImportError: cannot import name 'QuantizedCacheConfig' from 'transformers.cache_utils' (/home/tanhe/miniconda3/lib/python3.13/site-packages/transformers/cache_utils.py)
Traceback (most recent call last):
  File "/mnt/data_sdd/hhy/index-tts/trainers/train_gpt_v2_grpo_multigpu.py", line 64, in <module>
    from indextts.gpt.model_v2 import UnifiedVoice
  File "/mnt/data_sdd/hhy/index-tts/indextts/gpt/model_v2.py", line 9, in <module>
    from indextts.gpt.transformers_gpt2 import GPT2PreTrainedModel, GPT2Model
  File "/mnt/data_sdd/hhy/index-tts/indextts/gpt/transformers_gpt2.py", line 33, in <module>
    from indextts.gpt.transformers_generation_utils import GenerationMixin
  File "/mnt/data_sdd/hhy/index-tts/indextts/gpt/transformers_generation_utils.py", line 28, in <module>
    from transformers.cache_utils import (
    ...<6 lines>...
    )
ImportError: cannot import name 'QuantizedCacheConfig' from 'transformers.cache_utils' (/home/tanhe/miniconda3/lib/python3.13/site-packages/transformers/cache_utils.py)
Traceback (most recent call last):
  File "/mnt/data_sdd/hhy/index-tts/trainers/train_gpt_v2_grpo_multigpu.py", line 64, in <module>
    from indextts.gpt.model_v2 import UnifiedVoice
  File "/mnt/data_sdd/hhy/index-tts/indextts/gpt/model_v2.py", line 9, in <module>
    from indextts.gpt.transformers_gpt2 import GPT2PreTrainedModel, GPT2Model
  File "/mnt/data_sdd/hhy/index-tts/indextts/gpt/transformers_gpt2.py", line 33, in <module>
    from indextts.gpt.transformers_generation_utils import GenerationMixin
  File "/mnt/data_sdd/hhy/index-tts/indextts/gpt/transformers_generation_utils.py", line 28, in <module>
    from transformers.cache_utils import (
    ...<6 lines>...
    )
ImportError: cannot import name 'QuantizedCacheConfig' from 'transformers.cache_utils' (/home/tanhe/miniconda3/lib/python3.13/site-packages/transformers/cache_utils.py)
Traceback (most recent call last):
  File "/mnt/data_sdd/hhy/index-tts/trainers/train_gpt_v2_grpo_multigpu.py", line 64, in <module>
    from indextts.gpt.model_v2 import UnifiedVoice
  File "/mnt/data_sdd/hhy/index-tts/indextts/gpt/model_v2.py", line 9, in <module>
    from indextts.gpt.transformers_gpt2 import GPT2PreTrainedModel, GPT2Model
  File "/mnt/data_sdd/hhy/index-tts/indextts/gpt/transformers_gpt2.py", line 33, in <module>
    from indextts.gpt.transformers_generation_utils import GenerationMixin
  File "/mnt/data_sdd/hhy/index-tts/indextts/gpt/transformers_generation_utils.py", line 28, in <module>
    from transformers.cache_utils import (
    ...<6 lines>...
    )
ImportError: cannot import name 'QuantizedCacheConfig' from 'transformers.cache_utils' (/home/tanhe/miniconda3/lib/python3.13/site-packages/transformers/cache_utils.py)
Traceback (most recent call last):
  File "/mnt/data_sdd/hhy/index-tts/trainers/train_gpt_v2_grpo_multigpu.py", line 64, in <module>
    from indextts.gpt.model_v2 import UnifiedVoice
  File "/mnt/data_sdd/hhy/index-tts/indextts/gpt/model_v2.py", line 9, in <module>
    from indextts.gpt.transformers_gpt2 import GPT2PreTrainedModel, GPT2Model
  File "/mnt/data_sdd/hhy/index-tts/indextts/gpt/transformers_gpt2.py", line 33, in <module>
    from indextts.gpt.transformers_generation_utils import GenerationMixin
  File "/mnt/data_sdd/hhy/index-tts/indextts/gpt/transformers_generation_utils.py", line 28, in <module>
    from transformers.cache_utils import (
    ...<6 lines>...
    )
ImportError: cannot import name 'QuantizedCacheConfig' from 'transformers.cache_utils' (/home/tanhe/miniconda3/lib/python3.13/site-packages/transformers/cache_utils.py)
Traceback (most recent call last):
  File "/mnt/data_sdd/hhy/index-tts/trainers/train_gpt_v2_grpo_multigpu.py", line 64, in <module>
    from indextts.gpt.model_v2 import UnifiedVoice
  File "/mnt/data_sdd/hhy/index-tts/indextts/gpt/model_v2.py", line 9, in <module>
    from indextts.gpt.transformers_gpt2 import GPT2PreTrainedModel, GPT2Model
  File "/mnt/data_sdd/hhy/index-tts/indextts/gpt/transformers_gpt2.py", line 33, in <module>
    from indextts.gpt.transformers_generation_utils import GenerationMixin
  File "/mnt/data_sdd/hhy/index-tts/indextts/gpt/transformers_generation_utils.py", line 28, in <module>
    from transformers.cache_utils import (
    ...<6 lines>...
    )
ImportError: cannot import name 'QuantizedCacheConfig' from 'transformers.cache_utils' (/home/tanhe/miniconda3/lib/python3.13/site-packages/transformers/cache_utils.py)
Traceback (most recent call last):
  File "/mnt/data_sdd/hhy/index-tts/trainers/train_gpt_v2_grpo_multigpu.py", line 64, in <module>
    from indextts.gpt.model_v2 import UnifiedVoice
  File "/mnt/data_sdd/hhy/index-tts/indextts/gpt/model_v2.py", line 9, in <module>
    from indextts.gpt.transformers_gpt2 import GPT2PreTrainedModel, GPT2Model
  File "/mnt/data_sdd/hhy/index-tts/indextts/gpt/transformers_gpt2.py", line 33, in <module>
    from indextts.gpt.transformers_generation_utils import GenerationMixin
  File "/mnt/data_sdd/hhy/index-tts/indextts/gpt/transformers_generation_utils.py", line 28, in <module>
    from transformers.cache_utils import (
    ...<6 lines>...
    )
ImportError: cannot import name 'QuantizedCacheConfig' from 'transformers.cache_utils' (/home/tanhe/miniconda3/lib/python3.13/site-packages/transformers/cache_utils.py)
Traceback (most recent call last):
  File "/mnt/data_sdd/hhy/index-tts/trainers/train_gpt_v2_grpo_multigpu.py", line 64, in <module>
    from indextts.gpt.model_v2 import UnifiedVoice
  File "/mnt/data_sdd/hhy/index-tts/indextts/gpt/model_v2.py", line 9, in <module>
    from indextts.gpt.transformers_gpt2 import GPT2PreTrainedModel, GPT2Model
  File "/mnt/data_sdd/hhy/index-tts/indextts/gpt/transformers_gpt2.py", line 33, in <module>
    from indextts.gpt.transformers_generation_utils import GenerationMixin
  File "/mnt/data_sdd/hhy/index-tts/indextts/gpt/transformers_generation_utils.py", line 28, in <module>
    from transformers.cache_utils import (
    ...<6 lines>...
    )
ImportError: cannot import name 'QuantizedCacheConfig' from 'transformers.cache_utils' (/home/tanhe/miniconda3/lib/python3.13/site-packages/transformers/cache_utils.py)
W0525 13:19:27.406000 3455785 site-packages/torch/distributed/elastic/multiprocessing/api.py:908] Sending process 3456062 closing signal SIGTERM
W0525 13:19:27.406000 3455785 site-packages/torch/distributed/elastic/multiprocessing/api.py:908] Sending process 3456063 closing signal SIGTERM
W0525 13:19:27.407000 3455785 site-packages/torch/distributed/elastic/multiprocessing/api.py:908] Sending process 3456064 closing signal SIGTERM
W0525 13:19:27.408000 3455785 site-packages/torch/distributed/elastic/multiprocessing/api.py:908] Sending process 3456065 closing signal SIGTERM
W0525 13:19:27.408000 3455785 site-packages/torch/distributed/elastic/multiprocessing/api.py:908] Sending process 3456066 closing signal SIGTERM
W0525 13:19:27.409000 3455785 site-packages/torch/distributed/elastic/multiprocessing/api.py:908] Sending process 3456067 closing signal SIGTERM
W0525 13:19:27.409000 3455785 site-packages/torch/distributed/elastic/multiprocessing/api.py:908] Sending process 3456068 closing signal SIGTERM
E0525 13:19:27.475000 3455785 site-packages/torch/distributed/elastic/multiprocessing/api.py:882] failed (exitcode: 1) local_rank: 7 (pid: 3456069) of binary: /home/tanhe/miniconda3/bin/python3.13
Traceback (most recent call last):
  File "/home/tanhe/miniconda3/bin/accelerate", line 7, in <module>
    sys.exit(main())
             ~~~~^^
  File "/home/tanhe/miniconda3/lib/python3.13/site-packages/accelerate/commands/accelerate_cli.py", line 50, in main
    args.func(args)
    ~~~~~~~~~^^^^^^
  File "/home/tanhe/miniconda3/lib/python3.13/site-packages/accelerate/commands/launch.py", line 1272, in launch_command
    multi_gpu_launcher(args)
    ~~~~~~~~~~~~~~~~~~^^^^^^
  File "/home/tanhe/miniconda3/lib/python3.13/site-packages/accelerate/commands/launch.py", line 899, in multi_gpu_launcher
    distrib_run.run(args)
    ~~~~~~~~~~~~~~~^^^^^^
  File "/home/tanhe/miniconda3/lib/python3.13/site-packages/torch/distributed/run.py", line 927, in run
    elastic_launch(
    ~~~~~~~~~~~~~~~
        config=config,
        ~~~~~~~~~~~~~~
        entrypoint=cmd,
        ~~~~~~~~~~~~~~~
    )(*cmd_args)
    ~^^^^^^^^^^^
  File "/home/tanhe/miniconda3/lib/python3.13/site-packages/torch/distributed/launcher/api.py", line 156, in __call__
    return launch_agent(self._config, self._entrypoint, list(args))
  File "/home/tanhe/miniconda3/lib/python3.13/site-packages/torch/distributed/launcher/api.py", line 293, in launch_agent
    raise ChildFailedError(
    ...<2 lines>...
    )
torch.distributed.elastic.multiprocessing.errors.ChildFailedError: 
============================================================
trainers/train_gpt_v2_grpo_multigpu.py FAILED
------------------------------------------------------------
Failures:
  <NO_OTHER_FAILURES>
------------------------------------------------------------
Root Cause (first observed failure):
[0]:
  time      : 2026-05-25_13:19:27
  host      : e0904
  rank      : 7 (local_rank: 7)
  exitcode  : 1 (pid: 3456069)
  error_file: <N/A>
  traceback : To enable traceback see: https://pytorch.org/docs/stable/elastic/errors.html
============================================================
